
  .   ____          _            __ _ _
 /\\ / ___'_ __ _ _(_)_ __  __ _ \ \ \ \
( ( )\___ | '_ | '_| | '_ \/ _` | \ \ \ \
 \\/  ___)| |_)| | | | | || (_| |  ) ) ) )
  '  |____| .__|_| |_|_| |_\__, | / / / /
 =========|_|==============|___/=/_/_/_/

 :: Spring Boot ::                (v4.0.1)

{"@timestamp":"2026-01-06T18:06:54.477+06:00","@version":"1","level":"INFO","logger":"com.example.tracing.order.OrderServiceApplication","message":"Starting OrderServiceApplication using Java 21.0.9 with PID 932109 (/home/yaziz/workspace/self_task/tracing basics/tracing-demo-v2/order-service/target/classes started by yaziz in /home/yaziz/workspace/self_task/tracing basics/tracing-demo-v2/order-service)","service":"order-service","host":"localhost","thread":"main"}
{"@timestamp":"2026-01-06T18:06:54.515+06:00","@version":"1","level":"INFO","logger":"com.example.tracing.order.OrderServiceApplication","message":"No active profile set, falling back to 1 default profile: \"default\"","service":"order-service","host":"localhost","thread":"main"}
{"@timestamp":"2026-01-06T18:06:59.511+06:00","@version":"1","level":"INFO","logger":"org.hibernate.orm.jpa","message":"HHH008540: Processing PersistenceUnitInfo [name: default]","service":"order-service","host":"localhost","thread":"main"}
{"@timestamp":"2026-01-06T18:06:59.591+06:00","@version":"1","level":"INFO","logger":"org.hibernate.orm.core","message":"HHH000001: Hibernate ORM core version 7.2.0.Final","service":"order-service","host":"localhost","thread":"main"}
{"@timestamp":"2026-01-06T18:07:00.634+06:00","@version":"1","level":"INFO","logger":"com.zaxxer.hikari.HikariDataSource","message":"HikariPool-1 - Starting...","service":"order-service","host":"localhost","thread":"main"}
{"@timestamp":"2026-01-06T18:07:00.886+06:00","@version":"1","level":"INFO","logger":"com.zaxxer.hikari.pool.HikariPool","message":"HikariPool-1 - Added connection conn0: url=jdbc:h2:mem:testdb user=SA","service":"order-service","host":"localhost","thread":"main"}
{"@timestamp":"2026-01-06T18:07:00.889+06:00","@version":"1","level":"INFO","logger":"com.zaxxer.hikari.HikariDataSource","message":"HikariPool-1 - Start completed.","service":"order-service","host":"localhost","thread":"main"}
{"@timestamp":"2026-01-06T18:07:00.923+06:00","@version":"1","level":"WARN","logger":"org.hibernate.orm.deprecation","message":"HHH90000025: H2Dialect does not need to be specified explicitly using 'hibernate.dialect' (remove the property setting and it will be selected by default)","service":"order-service","host":"localhost","thread":"main"}
{"@timestamp":"2026-01-06T18:07:00.954+06:00","@version":"1","level":"INFO","logger":"org.hibernate.orm.connections.pooling","message":"HHH10001005: Database info:\n\tDatabase JDBC URL [jdbc:h2:mem:testdb]\n\tDatabase driver: H2 JDBC Driver\n\tDatabase dialect: H2Dialect\n\tDatabase version: 2.4.240\n\tDefault catalog/schema: TESTDB/PUBLIC\n\tAutocommit mode: undefined/unknown\n\tIsolation level: READ_COMMITTED [default READ_COMMITTED]\n\tJDBC fetch size: 100\n\tPool: DataSourceConnectionProvider\n\tMinimum pool size: undefined/unknown\n\tMaximum pool size: undefined/unknown","service":"order-service","host":"localhost","thread":"main"}
{"@timestamp":"2026-01-06T18:07:02.795+06:00","@version":"1","level":"INFO","logger":"org.hibernate.orm.core","message":"HHH000489: No JTA platform available (set 'hibernate.transaction.jta.platform' to enable JTA platform integration)","service":"order-service","host":"localhost","thread":"main"}
{"@timestamp":"2026-01-06T18:07:03.430+06:00","@version":"1","level":"WARN","logger":"org.springframework.boot.jpa.autoconfigure.JpaBaseConfiguration$JpaWebConfiguration","message":"spring.jpa.open-in-view is enabled by default. Therefore, database queries may be performed during view rendering. Explicitly configure spring.jpa.open-in-view to disable this warning","service":"order-service","host":"localhost","thread":"main"}
{"@timestamp":"2026-01-06T18:07:04.510+06:00","@version":"1","level":"INFO","logger":"com.example.tracing.order.OrderServiceApplication","message":"Started OrderServiceApplication in 12.901 seconds (process running for 13.633)","service":"order-service","host":"localhost","thread":"main"}
{"@timestamp":"2026-01-06T18:07:34.969+06:00","@version":"1","level":"INFO","logger":"com.example.tracing.order.OrderController","message":"Received REST request to create order: ID=772ec937-49e4-4ae8-8e0b-68342d7e9dad, Product=produit-test","service":"order-service","host":"localhost","thread":"http-nio-8081-exec-1"}
{"@timestamp":"2026-01-06T18:07:35.180+06:00","@version":"1","level":"INFO","logger":"com.example.tracing.order.OrderController","message":"Saved order to H2 database","service":"order-service","host":"localhost","thread":"http-nio-8081-exec-1"}
{"@timestamp":"2026-01-06T18:07:35.181+06:00","@version":"1","level":"INFO","logger":"com.example.tracing.order.OrderPublisher","message":"Publishing order to RabbitMQ: 772ec937-49e4-4ae8-8e0b-68342d7e9dad","service":"order-service","host":"localhost","thread":"http-nio-8081-exec-1"}
{"@timestamp":"2026-01-06T18:08:28.922+06:00","@version":"1","level":"INFO","logger":"com.example.tracing.order.OrderController","message":"Received REST request to create order: ID=82b85104-0c53-400c-ac69-fb7768bda1a4, Product=produit-test","service":"order-service","host":"localhost","thread":"http-nio-8081-exec-2"}
{"@timestamp":"2026-01-06T18:08:28.926+06:00","@version":"1","level":"INFO","logger":"com.example.tracing.order.OrderController","message":"Saved order to H2 database","service":"order-service","host":"localhost","thread":"http-nio-8081-exec-2"}
{"@timestamp":"2026-01-06T18:08:28.927+06:00","@version":"1","level":"INFO","logger":"com.example.tracing.order.OrderPublisher","message":"Publishing order to RabbitMQ: 82b85104-0c53-400c-ac69-fb7768bda1a4","service":"order-service","host":"localhost","thread":"http-nio-8081-exec-2"}
{"@timestamp":"2026-01-06T18:08:30.990+06:00","@version":"1","level":"INFO","logger":"com.example.tracing.order.OrderController","message":"Received REST request to create order: ID=a9ba2a96-677a-4a1f-8d66-38287d5bf82e, Product=produit-test","service":"order-service","host":"localhost","thread":"http-nio-8081-exec-3"}
{"@timestamp":"2026-01-06T18:08:30.995+06:00","@version":"1","level":"INFO","logger":"com.example.tracing.order.OrderController","message":"Saved order to H2 database","service":"order-service","host":"localhost","thread":"http-nio-8081-exec-3"}
{"@timestamp":"2026-01-06T18:08:30.996+06:00","@version":"1","level":"INFO","logger":"com.example.tracing.order.OrderPublisher","message":"Publishing order to RabbitMQ: a9ba2a96-677a-4a1f-8d66-38287d5bf82e","service":"order-service","host":"localhost","thread":"http-nio-8081-exec-3"}
{"@timestamp":"2026-01-06T18:08:33.061+06:00","@version":"1","level":"INFO","logger":"com.example.tracing.order.OrderController","message":"Received REST request to create order: ID=2681b17c-0a1f-4865-9eae-929fa93eaa3c, Product=produit-test","service":"order-service","host":"localhost","thread":"http-nio-8081-exec-4"}
{"@timestamp":"2026-01-06T18:08:33.069+06:00","@version":"1","level":"INFO","logger":"com.example.tracing.order.OrderController","message":"Saved order to H2 database","service":"order-service","host":"localhost","thread":"http-nio-8081-exec-4"}
{"@timestamp":"2026-01-06T18:08:33.070+06:00","@version":"1","level":"INFO","logger":"com.example.tracing.order.OrderPublisher","message":"Publishing order to RabbitMQ: 2681b17c-0a1f-4865-9eae-929fa93eaa3c","service":"order-service","host":"localhost","thread":"http-nio-8081-exec-4"}
{"@timestamp":"2026-01-06T18:11:08.815+06:00","@version":"1","level":"INFO","logger":"com.example.tracing.order.OrderController","message":"Received REST request to create order: ID=8df980fd-9e6d-4df3-84ab-1e3983a734e9, Product=produit-test","service":"order-service","host":"localhost","thread":"http-nio-8081-exec-7"}
{"@timestamp":"2026-01-06T18:11:08.819+06:00","@version":"1","level":"INFO","logger":"com.example.tracing.order.OrderController","message":"Saved order to H2 database","service":"order-service","host":"localhost","thread":"http-nio-8081-exec-7"}
{"@timestamp":"2026-01-06T18:11:08.820+06:00","@version":"1","level":"INFO","logger":"com.example.tracing.order.OrderPublisher","message":"Publishing order to RabbitMQ: 8df980fd-9e6d-4df3-84ab-1e3983a734e9","service":"order-service","host":"localhost","thread":"http-nio-8081-exec-7"}
{"@timestamp":"2026-01-06T18:11:09.871+06:00","@version":"1","level":"INFO","logger":"com.example.tracing.order.OrderController","message":"Received REST request to create order: ID=ff3aac85-f29e-4bbb-af08-a8fb9574b261, Product=produit-test","service":"order-service","host":"localhost","thread":"http-nio-8081-exec-8"}
{"@timestamp":"2026-01-06T18:11:09.876+06:00","@version":"1","level":"INFO","logger":"com.example.tracing.order.OrderController","message":"Saved order to H2 database","service":"order-service","host":"localhost","thread":"http-nio-8081-exec-8"}
{"@timestamp":"2026-01-06T18:11:09.877+06:00","@version":"1","level":"INFO","logger":"com.example.tracing.order.OrderPublisher","message":"Publishing order to RabbitMQ: ff3aac85-f29e-4bbb-af08-a8fb9574b261","service":"order-service","host":"localhost","thread":"http-nio-8081-exec-8"}
{"@timestamp":"2026-01-06T18:11:10.939+06:00","@version":"1","level":"INFO","logger":"com.example.tracing.order.OrderController","message":"Received REST request to create order: ID=b0a93a3e-f27b-453b-8ddb-567c4633adaa, Product=produit-test","service":"order-service","host":"localhost","thread":"http-nio-8081-exec-9"}
{"@timestamp":"2026-01-06T18:11:10.946+06:00","@version":"1","level":"INFO","logger":"com.example.tracing.order.OrderController","message":"Saved order to H2 database","service":"order-service","host":"localhost","thread":"http-nio-8081-exec-9"}
{"@timestamp":"2026-01-06T18:11:10.948+06:00","@version":"1","level":"INFO","logger":"com.example.tracing.order.OrderPublisher","message":"Publishing order to RabbitMQ: b0a93a3e-f27b-453b-8ddb-567c4633adaa","service":"order-service","host":"localhost","thread":"http-nio-8081-exec-9"}
{"@timestamp":"2026-01-06T18:11:12.001+06:00","@version":"1","level":"INFO","logger":"com.example.tracing.order.OrderController","message":"Received REST request to create order: ID=bc2b017d-a2ae-43af-9288-cd1024a1a220, Product=produit-test","service":"order-service","host":"localhost","thread":"http-nio-8081-exec-10"}
{"@timestamp":"2026-01-06T18:11:12.006+06:00","@version":"1","level":"INFO","logger":"com.example.tracing.order.OrderController","message":"Saved order to H2 database","service":"order-service","host":"localhost","thread":"http-nio-8081-exec-10"}
{"@timestamp":"2026-01-06T18:11:12.007+06:00","@version":"1","level":"INFO","logger":"com.example.tracing.order.OrderPublisher","message":"Publishing order to RabbitMQ: bc2b017d-a2ae-43af-9288-cd1024a1a220","service":"order-service","host":"localhost","thread":"http-nio-8081-exec-10"}
{"@timestamp":"2026-01-06T18:11:13.064+06:00","@version":"1","level":"INFO","logger":"com.example.tracing.order.OrderController","message":"Received REST request to create order: ID=e4d166e4-cda1-4629-b319-2c1758ee5eb1, Product=produit-test","service":"order-service","host":"localhost","thread":"http-nio-8081-exec-1"}
{"@timestamp":"2026-01-06T18:11:13.072+06:00","@version":"1","level":"INFO","logger":"com.example.tracing.order.OrderController","message":"Saved order to H2 database","service":"order-service","host":"localhost","thread":"http-nio-8081-exec-1"}
{"@timestamp":"2026-01-06T18:11:13.074+06:00","@version":"1","level":"INFO","logger":"com.example.tracing.order.OrderPublisher","message":"Publishing order to RabbitMQ: e4d166e4-cda1-4629-b319-2c1758ee5eb1","service":"order-service","host":"localhost","thread":"http-nio-8081-exec-1"}
{"@timestamp":"2026-01-06T18:13:11.804+06:00","@version":"1","level":"INFO","logger":"com.example.tracing.order.OrderController","message":"Received REST request to create order: ID=f9115797-3a4b-4ccc-8a81-e7504c49eae9, Product=produit-test","service":"order-service","host":"localhost","thread":"http-nio-8081-exec-4"}
{"@timestamp":"2026-01-06T18:13:11.808+06:00","@version":"1","level":"INFO","logger":"com.example.tracing.order.OrderController","message":"Saved order to H2 database","service":"order-service","host":"localhost","thread":"http-nio-8081-exec-4"}
{"@timestamp":"2026-01-06T18:13:11.808+06:00","@version":"1","level":"INFO","logger":"com.example.tracing.order.OrderPublisher","message":"Publishing order to RabbitMQ: f9115797-3a4b-4ccc-8a81-e7504c49eae9","service":"order-service","host":"localhost","thread":"http-nio-8081-exec-4"}
{"@timestamp":"2026-01-06T18:19:17.881+06:00","@version":"1","level":"INFO","logger":"com.zaxxer.hikari.HikariDataSource","message":"HikariPool-1 - Shutdown initiated...","service":"order-service","host":"localhost","thread":"SpringApplicationShutdownHook"}
{"@timestamp":"2026-01-06T18:19:17.885+06:00","@version":"1","level":"INFO","logger":"com.zaxxer.hikari.HikariDataSource","message":"HikariPool-1 - Shutdown completed.","service":"order-service","host":"localhost","thread":"SpringApplicationShutdownHook"}
