Starting a Gradle Daemon, 1 busy and 10 stopped Daemons could not be reused, use --status for details
> Task :compileJava FAILED

[Incubating] Problems report is available at: file:///home/yaziz/workspace/self_task/tracing%20basics/tracing-demo/graphql-service/build/reports/problems/problems-report.html

FAILURE: Build failed with an exception.

* What went wrong:
Execution failed for task ':compileJava'.
> Could not resolve all files for configuration ':compileClasspath'.
   > Could not find org.springframework.boot:spring-boot-starter-aop:.
     Required by:
         root project :

* Try:
> Run with --stacktrace option to get the stack trace.
> Run with --info or --debug option to get more log output.
> Run with --scan to get full insights.
> Get more help at https://help.gradle.org.

Deprecated Gradle features were used in this build, making it incompatible with Gradle 9.0.

You can use '--warning-mode all' to show the individual deprecation warnings and determine if they come from your own scripts or plugins.

For more on this, please refer to https://docs.gradle.org/8.14/userguide/command_line_interface.html#sec:command_line_warnings in the Gradle documentation.

BUILD FAILED in 25s
1 actionable task: 1 executed
